Java HotSpot(TM) 64-Bit Server VM (25.144-b01) for windows-amd64 JRE (1.8.0_144-b01), built on Jul 21 2017 21:57:33 by "java_re" with MS VC++ 10.0 (VS2010)
Memory: 4k page, physical 16629244k(6957644k free), swap 21872124k(4764564k free)
CommandLine flags: -XX:InitialHeapSize=20971520 -XX:MaxHeapSize=20971520 -XX:MaxNewSize=10485760 -XX:MaxTenuringThreshold=15 -XX:NewSize=10485760 -XX:OldPLABSize=16 -XX:PretenureSizeThreshold=3145728 -XX:+PrintGC -XX:+PrintGCDetails -XX:+PrintGCTimeStamps -XX:SurvivorRatio=8 -XX:+UseCompressedClassPointers -XX:+UseCompressedOops -XX:+UseConcMarkSweepGC -XX:-UseLargePagesIndividualAllocation -XX:+UseParNewGC 
0.294: [GC (Allocation Failure) 0.294: [ParNew: 7275K->1024K(9216K), 0.0033351 secs] 11371K->7716K(19456K), 0.0034605 secs] [Times: user=0.00 sys=0.00, real=0.00 secs] 
0.298: [GC (CMS Initial Mark) [1 CMS-initial-mark: 6692K(10240K)] 9764K(19456K), 0.0002508 secs] [Times: user=0.00 sys=0.00, real=0.00 secs] 
0.298: [CMS-concurrent-mark-start]
Heap
 par new generation   total 9216K, used 7414K [0x00000000fec00000, 0x00000000ff600000, 0x00000000ff600000)
  eden space 8192K,  78% used [0x00000000fec00000, 0x00000000ff23d8a8, 0x00000000ff400000)
  from space 1024K, 100% used [0x00000000ff500000, 0x00000000ff600000, 0x00000000ff600000)
  to   space 1024K,   0% used [0x00000000ff400000, 0x00000000ff400000, 0x00000000ff500000)
 concurrent mark-sweep generation total 10240K, used 6692K [0x00000000ff600000, 0x0000000100000000, 0x0000000100000000)
 Metaspace       used 3395K, capacity 4556K, committed 4864K, reserved 1056768K
  class space    used 363K, capacity 392K, committed 512K, reserved 1048576K
